// Jest Snapshot v1, https://goo.gl/fbAQLP

exports[`NotFoundPage renders correctly 1`] = `
<div>
  <div>
    <div>
      404 - Page not found!
    </div>
  </div>
</div>
`;
